\BOOKMARK [1][-]{section.1}{\376\377\000I\000n\000t\000r\000o\000d\000u\000c\000t\000i\000o\000n}{}% 1
\BOOKMARK [1][-]{section.2}{\376\377\000R\000e\000l\000a\000t\000e\000d\000\040\000W\000o\000r\000k}{}% 2
\BOOKMARK [2][-]{subsection.2.1}{\376\377\000S\000t\000a\000t\000i\000s\000t\000i\000c\000a\000l\000\040\000T\000i\000m\000e\000\040\000S\000e\000r\000i\000e\000s\000\040\000M\000o\000d\000e\000l\000s}{section.2}% 3
\BOOKMARK [2][-]{subsection.2.2}{\376\377\000M\000a\000c\000h\000i\000n\000e\000\040\000L\000e\000a\000r\000n\000i\000n\000g\000\040\000A\000p\000p\000r\000o\000a\000c\000h\000e\000s}{section.2}% 4
\BOOKMARK [2][-]{subsection.2.3}{\376\377\000D\000e\000e\000p\000\040\000L\000e\000a\000r\000n\000i\000n\000g\000\040\000A\000r\000c\000h\000i\000t\000e\000c\000t\000u\000r\000e\000s}{section.2}% 5
\BOOKMARK [2][-]{subsection.2.4}{\376\377\000H\000y\000b\000r\000i\000d\000\040\000a\000n\000d\000\040\000E\000n\000s\000e\000m\000b\000l\000e\000\040\000M\000e\000t\000h\000o\000d\000s}{section.2}% 6
\BOOKMARK [2][-]{subsection.2.5}{\376\377\000M\000a\000r\000k\000e\000t\000\040\000A\000n\000a\000l\000y\000s\000i\000s\000\040\000a\000n\000d\000\040\000F\000e\000a\000t\000u\000r\000e\000\040\000E\000n\000g\000i\000n\000e\000e\000r\000i\000n\000g}{section.2}% 7
\BOOKMARK [2][-]{subsection.2.6}{\376\377\000R\000e\000s\000e\000a\000r\000c\000h\000\040\000G\000a\000p\000s\000\040\000a\000n\000d\000\040\000C\000o\000n\000t\000r\000i\000b\000u\000t\000i\000o\000n\000s}{section.2}% 8
\BOOKMARK [1][-]{section.3}{\376\377\000M\000e\000t\000h\000o\000d\000o\000l\000o\000g\000y\000\040\000W\000o\000r\000k\000f\000l\000o\000w}{}% 9
\BOOKMARK [2][-]{subsection.3.1}{\376\377\000W\000o\000r\000k\000f\000l\000o\000w\000\040\000S\000t\000a\000g\000e\000s}{section.3}% 10
\BOOKMARK [3][-]{subsubsection.3.1.1}{\376\377\000E\000n\000v\000i\000r\000o\000n\000m\000e\000n\000t\000\040\000S\000e\000t\000u\000p}{subsection.3.1}% 11
\BOOKMARK [3][-]{subsubsection.3.1.2}{\376\377\000D\000a\000t\000a\000\040\000P\000r\000e\000p\000r\000o\000c\000e\000s\000s\000i\000n\000g}{subsection.3.1}% 12
\BOOKMARK [3][-]{subsubsection.3.1.3}{\376\377\000E\000x\000p\000l\000o\000r\000a\000t\000o\000r\000y\000\040\000D\000a\000t\000a\000\040\000A\000n\000a\000l\000y\000s\000i\000s}{subsection.3.1}% 13
\BOOKMARK [3][-]{subsubsection.3.1.4}{\376\377\000D\000a\000t\000a\000s\000e\000t\000\040\000S\000a\000m\000p\000l\000i\000n\000g}{subsection.3.1}% 14
\BOOKMARK [3][-]{subsubsection.3.1.5}{\376\377\000M\000o\000d\000e\000l\000\040\000I\000m\000p\000l\000e\000m\000e\000n\000t\000a\000t\000i\000o\000n}{subsection.3.1}% 15
\BOOKMARK [3][-]{subsubsection.3.1.6}{\376\377\000E\000v\000a\000l\000u\000a\000t\000i\000o\000n\000\040\000\046\000\040\000C\000o\000m\000p\000a\000r\000i\000s\000o\000n}{subsection.3.1}% 16
\BOOKMARK [2][-]{subsection.3.2}{\376\377\000I\000n\000t\000e\000g\000r\000a\000t\000i\000o\000n\000\040\000w\000i\000t\000h\000\040\000S\000y\000s\000t\000e\000m\000\040\000A\000r\000c\000h\000i\000t\000e\000c\000t\000u\000r\000e}{section.3}% 17
\BOOKMARK [1][-]{section.4}{\376\377\000S\000y\000s\000t\000e\000m\000\040\000A\000r\000c\000h\000i\000t\000e\000c\000t\000u\000r\000e\000\040\000a\000n\000d\000\040\000D\000e\000s\000i\000g\000n}{}% 18
\BOOKMARK [2][-]{subsection.4.1}{\376\377\000A\000r\000c\000h\000i\000t\000e\000c\000t\000u\000r\000a\000l\000\040\000O\000v\000e\000r\000v\000i\000e\000w}{section.4}% 19
\BOOKMARK [2][-]{subsection.4.2}{\376\377\000D\000a\000t\000a\000\040\000F\000l\000o\000w}{section.4}% 20
\BOOKMARK [2][-]{subsection.4.3}{\376\377\000M\000o\000d\000e\000l\000\040\000I\000n\000t\000e\000g\000r\000a\000t\000i\000o\000n\000\040\000a\000n\000d\000\040\000E\000x\000t\000e\000n\000s\000i\000b\000i\000l\000i\000t\000y}{section.4}% 21
\BOOKMARK [1][-]{section.5}{\376\377\000D\000a\000t\000a\000\040\000C\000o\000l\000l\000e\000c\000t\000i\000o\000n\000\040\000a\000n\000d\000\040\000P\000r\000e\000p\000r\000o\000c\000e\000s\000s\000i\000n\000g}{}% 22
\BOOKMARK [2][-]{subsection.5.1}{\376\377\000D\000a\000t\000a\000\040\000C\000o\000l\000l\000e\000c\000t\000i\000o\000n}{section.5}% 23
\BOOKMARK [2][-]{subsection.5.2}{\376\377\000P\000r\000e\000p\000r\000o\000c\000e\000s\000s\000i\000n\000g}{section.5}% 24
\BOOKMARK [1][-]{section.6}{\376\377\000E\000x\000p\000l\000o\000r\000a\000t\000o\000r\000y\000\040\000D\000a\000t\000a\000\040\000A\000n\000a\000l\000y\000s\000i\000s}{}% 25
\BOOKMARK [2][-]{subsection.6.1}{\376\377\000F\000e\000a\000t\000u\000r\000e\000\040\000C\000o\000r\000r\000e\000l\000a\000t\000i\000o\000n\000\040\000A\000n\000a\000l\000y\000s\000i\000s}{section.6}% 26
\BOOKMARK [2][-]{subsection.6.2}{\376\377\000D\000i\000s\000t\000r\000i\000b\000u\000t\000i\000o\000n\000\040\000A\000n\000a\000l\000y\000s\000i\000s}{section.6}% 27
\BOOKMARK [2][-]{subsection.6.3}{\376\377\000D\000a\000t\000a\000\040\000T\000r\000a\000n\000s\000f\000o\000r\000m\000a\000t\000i\000o\000n\000\040\000A\000n\000a\000l\000y\000s\000i\000s}{section.6}% 28
\BOOKMARK [1][-]{section.7}{\376\377\000F\000o\000r\000e\000c\000a\000s\000t\000i\000n\000g\000\040\000M\000o\000d\000e\000l\000s}{}% 29
\BOOKMARK [2][-]{subsection.7.1}{\376\377\000A\000R\000I\000M\000A}{section.7}% 30
\BOOKMARK [3][-]{subsubsection.7.1.1}{\376\377\000C\000o\000n\000c\000e\000p\000t\000u\000a\000l\000\040\000O\000v\000e\000r\000v\000i\000e\000w}{subsection.7.1}% 31
\BOOKMARK [3][-]{subsubsection.7.1.2}{\376\377\000S\000u\000i\000t\000a\000b\000i\000l\000i\000t\000y\000\040\000f\000o\000r\000\040\000C\000r\000y\000p\000t\000o\000c\000u\000r\000r\000e\000n\000c\000y\000\040\000D\000a\000t\000a}{subsection.7.1}% 32
\BOOKMARK [3][-]{subsubsection.7.1.3}{\376\377\000E\000v\000a\000l\000u\000a\000t\000i\000o\000n\000\040\000F\000r\000a\000m\000e\000w\000o\000r\000k}{subsection.7.1}% 33
\BOOKMARK [2][-]{subsection.7.2}{\376\377\000P\000r\000o\000p\000h\000e\000t}{section.7}% 34
\BOOKMARK [3][-]{subsubsection.7.2.1}{\376\377\000C\000o\000n\000c\000e\000p\000t\000u\000a\000l\000\040\000O\000v\000e\000r\000v\000i\000e\000w}{subsection.7.2}% 35
\BOOKMARK [3][-]{subsubsection.7.2.2}{\376\377\000S\000u\000i\000t\000a\000b\000i\000l\000i\000t\000y\000\040\000f\000o\000r\000\040\000C\000r\000y\000p\000t\000o\000c\000u\000r\000r\000e\000n\000c\000y\000\040\000D\000a\000t\000a}{subsection.7.2}% 36
\BOOKMARK [3][-]{subsubsection.7.2.3}{\376\377\000E\000v\000a\000l\000u\000a\000t\000i\000o\000n\000\040\000F\000r\000a\000m\000e\000w\000o\000r\000k}{subsection.7.2}% 37
\BOOKMARK [2][-]{subsection.7.3}{\376\377\000L\000S\000T\000M}{section.7}% 38
\BOOKMARK [3][-]{subsubsection.7.3.1}{\376\377\000C\000o\000n\000c\000e\000p\000t\000u\000a\000l\000\040\000O\000v\000e\000r\000v\000i\000e\000w}{subsection.7.3}% 39
\BOOKMARK [3][-]{subsubsection.7.3.2}{\376\377\000S\000u\000i\000t\000a\000b\000i\000l\000i\000t\000y\000\040\000f\000o\000r\000\040\000C\000r\000y\000p\000t\000o\000c\000u\000r\000r\000e\000n\000c\000y\000\040\000D\000a\000t\000a}{subsection.7.3}% 40
\BOOKMARK [3][-]{subsubsection.7.3.3}{\376\377\000E\000v\000a\000l\000u\000a\000t\000i\000o\000n\000\040\000F\000r\000a\000m\000e\000w\000o\000r\000k}{subsection.7.3}% 41
\BOOKMARK [2][-]{subsection.7.4}{\376\377\000R\000a\000n\000d\000o\000m\000\040\000F\000o\000r\000e\000s\000t}{section.7}% 42
\BOOKMARK [3][-]{subsubsection.7.4.1}{\376\377\000C\000o\000n\000c\000e\000p\000t\000u\000a\000l\000\040\000O\000v\000e\000r\000v\000i\000e\000w}{subsection.7.4}% 43
\BOOKMARK [3][-]{subsubsection.7.4.2}{\376\377\000S\000u\000i\000t\000a\000b\000i\000l\000i\000t\000y\000\040\000f\000o\000r\000\040\000C\000r\000y\000p\000t\000o\000c\000u\000r\000r\000e\000n\000c\000y\000\040\000D\000a\000t\000a}{subsection.7.4}% 44
\BOOKMARK [3][-]{subsubsection.7.4.3}{\376\377\000E\000v\000a\000l\000u\000a\000t\000i\000o\000n\000\040\000F\000r\000a\000m\000e\000w\000o\000r\000k}{subsection.7.4}% 45
\BOOKMARK [1][-]{section.8}{\376\377\000S\000t\000r\000e\000a\000m\000l\000i\000t\000\040\000A\000p\000p\000l\000i\000c\000a\000t\000i\000o\000n}{}% 46
\BOOKMARK [2][-]{subsection.8.1}{\376\377\000S\000i\000d\000e\000b\000a\000r\000\040\000N\000a\000v\000i\000g\000a\000t\000i\000o\000n\000\040\000a\000n\000d\000\040\000C\000o\000n\000f\000i\000g\000u\000r\000a\000t\000i\000o\000n}{section.8}% 47
\BOOKMARK [2][-]{subsection.8.2}{\376\377\000H\000e\000a\000d\000e\000r\000\040\000a\000n\000d\000\040\000M\000a\000r\000k\000e\000t\000\040\000I\000n\000f\000o\000r\000m\000a\000t\000i\000o\000n\000\040\000D\000i\000s\000p\000l\000a\000y}{section.8}% 48
\BOOKMARK [2][-]{subsection.8.3}{\376\377\000I\000n\000t\000e\000r\000a\000c\000t\000i\000v\000e\000\040\000H\000i\000s\000t\000o\000r\000i\000c\000a\000l\000\040\000C\000h\000a\000r\000t\000\040\000V\000i\000s\000u\000a\000l\000i\000z\000a\000t\000i\000o\000n}{section.8}% 49
\BOOKMARK [2][-]{subsection.8.4}{\376\377\000F\000o\000r\000e\000c\000a\000s\000t\000\040\000R\000e\000s\000u\000l\000t\000s\000\040\000a\000n\000d\000\040\000M\000o\000d\000e\000l\000\040\000C\000o\000m\000p\000a\000r\000i\000s\000o\000n}{section.8}% 50
\BOOKMARK [1][-]{section.9}{\376\377\000C\000o\000n\000c\000l\000u\000s\000i\000o\000n\000\040\000a\000n\000d\000\040\000F\000u\000t\000u\000r\000e\000\040\000W\000o\000r\000k}{}% 51
\BOOKMARK [1][-]{section*.3}{\376\377\000R\000e\000f\000e\000r\000e\000n\000c\000e\000s}{}% 52
